#-----------------------------------------------------------
# Vivado v2019.1 (64-bit)
# SW Build 2552052 on Fri May 24 14:49:42 MDT 2019
# IP Build 2548770 on Fri May 24 18:01:18 MDT 2019
# Start of session at: Tue Nov 12 17:41:34 2019
# Process ID: 8904
# Current directory: C:/Users/Jeremy/tabletop_hologram
# Command line: vivado.exe -gui_launcher_event rodinguilauncherevent3972 C:\Users\Jeremy\tabletop_hologram\tabletop_hologram.xpr
# Log file: C:/Users/Jeremy/tabletop_hologram/vivado.log
# Journal file: C:/Users/Jeremy/tabletop_hologram\vivado.jou
#-----------------------------------------------------------
start_gui
open_project C:/Users/Jeremy/tabletop_hologram/tabletop_hologram.xpr
update_compile_order -fileset sources_1
reset_run synth_1
reset_run triangles_rom_synth_1
launch_runs impl_1 -to_step write_bitstream -jobs 2
wait_on_run impl_1
generate_target Simulation [get_files C:/Users/Jeremy/tabletop_hologram/tabletop_hologram.srcs/sources_1/ip/triangles_rom/triangles_rom.xci]
export_ip_user_files -of_objects [get_files C:/Users/Jeremy/tabletop_hologram/tabletop_hologram.srcs/sources_1/ip/triangles_rom/triangles_rom.xci] -no_script -sync -force -quiet
export_simulation -of_objects [get_files C:/Users/Jeremy/tabletop_hologram/tabletop_hologram.srcs/sources_1/ip/triangles_rom/triangles_rom.xci] -directory C:/Users/Jeremy/tabletop_hologram/tabletop_hologram.ip_user_files/sim_scripts -ip_user_files_dir C:/Users/Jeremy/tabletop_hologram/tabletop_hologram.ip_user_files -ipstatic_source_dir C:/Users/Jeremy/tabletop_hologram/tabletop_hologram.ip_user_files/ipstatic -lib_map_path [list {modelsim=C:/Users/Jeremy/tabletop_hologram/tabletop_hologram.cache/compile_simlib/modelsim} {questa=C:/Users/Jeremy/tabletop_hologram/tabletop_hologram.cache/compile_simlib/questa} {riviera=C:/Users/Jeremy/tabletop_hologram/tabletop_hologram.cache/compile_simlib/riviera} {activehdl=C:/Users/Jeremy/tabletop_hologram/tabletop_hologram.cache/compile_simlib/activehdl}] -use_ip_compiled_libs -force -quiet
launch_simulation
source graphics_integration_tb.tcl
relaunch_sim
remove_bps -file {C:/Users/Jeremy/tabletop_hologram/tabletop_hologram.srcs/sources_1/new/graphics_fsm.sv} -line 22
add_bp {C:/Users/Jeremy/tabletop_hologram/tabletop_hologram.srcs/sources_1/new/graphics_fsm.sv} 22
remove_bps -file {C:/Users/Jeremy/tabletop_hologram/tabletop_hologram.srcs/sources_1/new/graphics_fsm.sv} -line 22
run 60 ms
run 60 ms
open_hw
connect_hw_server
open_hw_target
set_property PROGRAM.FILE {C:/Users/Jeremy/tabletop_hologram/tabletop_hologram.runs/impl_1/top_level.bit} [get_hw_devices xc7a100t_0]
current_hw_device [get_hw_devices xc7a100t_0]
refresh_hw_device -update_hw_probes false [lindex [get_hw_devices xc7a100t_0] 0]
set_property PROBES.FILE {} [get_hw_devices xc7a100t_0]
set_property FULL_PROBES.FILE {} [get_hw_devices xc7a100t_0]
set_property PROGRAM.FILE {C:/Users/Jeremy/tabletop_hologram/tabletop_hologram.runs/impl_1/top_level.bit} [get_hw_devices xc7a100t_0]
program_hw_devices [get_hw_devices xc7a100t_0]
refresh_hw_device [lindex [get_hw_devices xc7a100t_0] 0]
close_hw
relaunch_sim
